2024-04-05 14:40:44 main.py[line:98] INFO: Program Start--------------version=1.2.1
2024-04-05 14:42:17 main.py[line:1217] INFO: Program Closed--------------
2024-04-05 14:42:24 main.py[line:98] INFO: Program Start--------------version=1.2.1
2024-04-05 14:43:20 main.py[line:1217] INFO: Program Closed--------------
2024-04-05 14:44:43 main.py[line:98] INFO: Program Start--------------version=1.2.1
2024-04-05 14:45:15 main.py[line:1217] INFO: Program Closed--------------
2024-04-05 14:45:20 main.py[line:98] INFO: Program Start--------------version=1.2.1
2024-04-05 14:54:03 main.py[line:1217] INFO: Program Closed--------------
